Archive member included to satisfy reference by file (symbol)

c:/st/stm32cubeide_1.6.1/stm32cubeide/plugins/com.st.stm32cube.ide.mcu.externaltools.gnu-tools-for-stm32.9-2020-q2-update.win32_1.5.0.202011040924/tools/bin/../lib/gcc/arm-none-eabi/9.3.1/../../../../arm-none-eabi/lib/thumb/v7-m/nofp\libc_nano.a(lib_a-errno.o)
                              Src/syscalls.o (__errno)
c:/st/stm32cubeide_1.6.1/stm32cubeide/plugins/com.st.stm32cube.ide.mcu.externaltools.gnu-tools-for-stm32.9-2020-q2-update.win32_1.5.0.202011040924/tools/bin/../lib/gcc/arm-none-eabi/9.3.1/../../../../arm-none-eabi/lib/thumb/v7-m/nofp\libc_nano.a(lib_a-exit.o)
                              c:/st/stm32cubeide_1.6.1/stm32cubeide/plugins/com.st.stm32cube.ide.mcu.externaltools.gnu-tools-for-stm32.9-2020-q2-update.win32_1.5.0.202011040924/tools/bin/../lib/gcc/arm-none-eabi/9.3.1/../../../../arm-none-eabi/lib/thumb/v7-m/nofp/crt0.o (exit)
c:/st/stm32cubeide_1.6.1/stm32cubeide/plugins/com.st.stm32cube.ide.mcu.externaltools.gnu-tools-for-stm32.9-2020-q2-update.win32_1.5.0.202011040924/tools/bin/../lib/gcc/arm-none-eabi/9.3.1/../../../../arm-none-eabi/lib/thumb/v7-m/nofp\libc_nano.a(lib_a-impure.o)
                              c:/st/stm32cubeide_1.6.1/stm32cubeide/plugins/com.st.stm32cube.ide.mcu.externaltools.gnu-tools-for-stm32.9-2020-q2-update.win32_1.5.0.202011040924/tools/bin/../lib/gcc/arm-none-eabi/9.3.1/../../../../arm-none-eabi/lib/thumb/v7-m/nofp\libc_nano.a(lib_a-exit.o) (_global_impure_ptr)
c:/st/stm32cubeide_1.6.1/stm32cubeide/plugins/com.st.stm32cube.ide.mcu.externaltools.gnu-tools-for-stm32.9-2020-q2-update.win32_1.5.0.202011040924/tools/bin/../lib/gcc/arm-none-eabi/9.3.1/../../../../arm-none-eabi/lib/thumb/v7-m/nofp\libc_nano.a(lib_a-init.o)
                              c:/st/stm32cubeide_1.6.1/stm32cubeide/plugins/com.st.stm32cube.ide.mcu.externaltools.gnu-tools-for-stm32.9-2020-q2-update.win32_1.5.0.202011040924/tools/bin/../lib/gcc/arm-none-eabi/9.3.1/../../../../arm-none-eabi/lib/thumb/v7-m/nofp/crt0.o (__libc_init_array)
c:/st/stm32cubeide_1.6.1/stm32cubeide/plugins/com.st.stm32cube.ide.mcu.externaltools.gnu-tools-for-stm32.9-2020-q2-update.win32_1.5.0.202011040924/tools/bin/../lib/gcc/arm-none-eabi/9.3.1/../../../../arm-none-eabi/lib/thumb/v7-m/nofp\libc_nano.a(lib_a-memcpy-stub.o)
                              Src/queue.o (memcpy)
c:/st/stm32cubeide_1.6.1/stm32cubeide/plugins/com.st.stm32cube.ide.mcu.externaltools.gnu-tools-for-stm32.9-2020-q2-update.win32_1.5.0.202011040924/tools/bin/../lib/gcc/arm-none-eabi/9.3.1/../../../../arm-none-eabi/lib/thumb/v7-m/nofp\libc_nano.a(lib_a-memset.o)
                              c:/st/stm32cubeide_1.6.1/stm32cubeide/plugins/com.st.stm32cube.ide.mcu.externaltools.gnu-tools-for-stm32.9-2020-q2-update.win32_1.5.0.202011040924/tools/bin/../lib/gcc/arm-none-eabi/9.3.1/../../../../arm-none-eabi/lib/thumb/v7-m/nofp/crt0.o (memset)

Discarded input sections

 .text          0x0000000000000000        0x0 c:/st/stm32cubeide_1.6.1/stm32cubeide/plugins/com.st.stm32cube.ide.mcu.externaltools.gnu-tools-for-stm32.9-2020-q2-update.win32_1.5.0.202011040924/tools/bin/../lib/gcc/arm-none-eabi/9.3.1/thumb/v7-m/nofp/crti.o
 .data          0x0000000000000000        0x0 c:/st/stm32cubeide_1.6.1/stm32cubeide/plugins/com.st.stm32cube.ide.mcu.externaltools.gnu-tools-for-stm32.9-2020-q2-update.win32_1.5.0.202011040924/tools/bin/../lib/gcc/arm-none-eabi/9.3.1/thumb/v7-m/nofp/crti.o
 .bss           0x0000000000000000        0x0 c:/st/stm32cubeide_1.6.1/stm32cubeide/plugins/com.st.stm32cube.ide.mcu.externaltools.gnu-tools-for-stm32.9-2020-q2-update.win32_1.5.0.202011040924/tools/bin/../lib/gcc/arm-none-eabi/9.3.1/thumb/v7-m/nofp/crti.o
 .data          0x0000000000000000        0x4 c:/st/stm32cubeide_1.6.1/stm32cubeide/plugins/com.st.stm32cube.ide.mcu.externaltools.gnu-tools-for-stm32.9-2020-q2-update.win32_1.5.0.202011040924/tools/bin/../lib/gcc/arm-none-eabi/9.3.1/thumb/v7-m/nofp/crtbegin.o
 .text          0x0000000000000000       0x7c c:/st/stm32cubeide_1.6.1/stm32cubeide/plugins/com.st.stm32cube.ide.mcu.externaltools.gnu-tools-for-stm32.9-2020-q2-update.win32_1.5.0.202011040924/tools/bin/../lib/gcc/arm-none-eabi/9.3.1/../../../../arm-none-eabi/lib/thumb/v7-m/nofp/crt0.o
 .data          0x0000000000000000        0x0 c:/st/stm32cubeide_1.6.1/stm32cubeide/plugins/com.st.stm32cube.ide.mcu.externaltools.gnu-tools-for-stm32.9-2020-q2-update.win32_1.5.0.202011040924/tools/bin/../lib/gcc/arm-none-eabi/9.3.1/../../../../arm-none-eabi/lib/thumb/v7-m/nofp/crt0.o
 .bss           0x0000000000000000        0x0 c:/st/stm32cubeide_1.6.1/stm32cubeide/plugins/com.st.stm32cube.ide.mcu.externaltools.gnu-tools-for-stm32.9-2020-q2-update.win32_1.5.0.202011040924/tools/bin/../lib/gcc/arm-none-eabi/9.3.1/../../../../arm-none-eabi/lib/thumb/v7-m/nofp/crt0.o
[...]
Memory Configuration

Name             Origin             Length             Attributes
RAM              0x0000000020000000 0x0000000000005000 xrw
FLASH            0x0000000008000000 0x0000000000010000 xr
*default*        0x0000000000000000 0xffffffffffffffff

Linker script and memory map

LOAD c:/st/stm32cubeide_1.6.1/stm32cubeide/plugins/com.st.stm32cube.ide.mcu.externaltools.gnu-tools-for-stm32.9-2020-q2-update.win32_1.5.0.202011040924/tools/bin/../lib/gcc/arm-none-eabi/9.3.1/thumb/v7-m/nofp/crti.o
LOAD c:/st/stm32cubeide_1.6.1/stm32cubeide/plugins/com.st.stm32cube.ide.mcu.externaltools.gnu-tools-for-stm32.9-2020-q2-update.win32_1.5.0.202011040924/tools/bin/../lib/gcc/arm-none-eabi/9.3.1/thumb/v7-m/nofp/crtbegin.o
LOAD c:/st/stm32cubeide_1.6.1/stm32cubeide/plugins/com.st.stm32cube.ide.mcu.externaltools.gnu-tools-for-stm32.9-2020-q2-update.win32_1.5.0.202011040924/tools/bin/../lib/gcc/arm-none-eabi/9.3.1/../../../../arm-none-eabi/lib/thumb/v7-m/nofp/crt0.o
LOAD Src/MGPIO_prog.o
LOAD Src/MRCC_program.o
LOAD Src/croutine.o
LOAD Src/event_groups.o
LOAD Src/heap_2.o
LOAD Src/list.o
LOAD Src/main.o
LOAD Src/port.o
LOAD Src/queue.o
LOAD Src/stream_buffer.o
LOAD Src/syscalls.o
LOAD Src/sysmem.o
LOAD Src/tasks.o
LOAD Src/timers.o
LOAD Startup/startup_stm32f103c8tx.o
START GROUP
LOAD c:/st/stm32cubeide_1.6.1/stm32cubeide/plugins/com.st.stm32cube.ide.mcu.externaltools.gnu-tools-for-stm32.9-2020-q2-update.win32_1.5.0.202011040924/tools/bin/../lib/gcc/arm-none-eabi/9.3.1/../../../../arm-none-eabi/lib/thumb/v7-m/nofp\libc_nano.a
LOAD c:/st/stm32cubeide_1.6.1/stm32cubeide/plugins/com.st.stm32cube.ide.mcu.externaltools.gnu-tools-for-stm32.9-2020-q2-update.win32_1.5.0.202011040924/tools/bin/../lib/gcc/arm-none-eabi/9.3.1/../../../../arm-none-eabi/lib/thumb/v7-m/nofp\libm.a
END GROUP
START GROUP
LOAD c:/st/stm32cubeide_1.6.1/stm32cubeide/plugins/com.st.stm32cube.ide.mcu.externaltools.gnu-tools-for-stm32.9-2020-q2-update.win32_1.5.0.202011040924/tools/bin/../lib/gcc/arm-none-eabi/9.3.1/thumb/v7-m/nofp\libgcc.a
LOAD c:/st/stm32cubeide_1.6.1/stm32cubeide/plugins/com.st.stm32cube.ide.mcu.externaltools.gnu-tools-for-stm32.9-2020-q2-update.win32_1.5.0.202011040924/tools/bin/../lib/gcc/arm-none-eabi/9.3.1/../../../../arm-none-eabi/lib/thumb/v7-m/nofp\libc_nano.a
END GROUP
START GROUP
LOAD c:/st/stm32cubeide_1.6.1/stm32cubeide/plugins/com.st.stm32cube.ide.mcu.externaltools.gnu-tools-for-stm32.9-2020-q2-update.win32_1.5.0.202011040924/tools/bin/../lib/gcc/arm-none-eabi/9.3.1/thumb/v7-m/nofp\libgcc.a
LOAD c:/st/stm32cubeide_1.6.1/stm32cubeide/plugins/com.st.stm32cube.ide.mcu.externaltools.gnu-tools-for-stm32.9-2020-q2-update.win32_1.5.0.202011040924/tools/bin/../lib/gcc/arm-none-eabi/9.3.1/../../../../arm-none-eabi/lib/thumb/v7-m/nofp\libc_nano.a
LOAD c:/st/stm32cubeide_1.6.1/stm32cubeide/plugins/com.st.stm32cube.ide.mcu.externaltools.gnu-tools-for-stm32.9-2020-q2-update.win32_1.5.0.202011040924/tools/bin/../lib/gcc/arm-none-eabi/9.3.1/../../../../arm-none-eabi/lib/thumb/v7-m/nofp\libnosys.a
END GROUP
START GROUP
LOAD c:/st/stm32cubeide_1.6.1/stm32cubeide/plugins/com.st.stm32cube.ide.mcu.externaltools.gnu-tools-for-stm32.9-2020-q2-update.win32_1.5.0.202011040924/tools/bin/../lib/gcc/arm-none-eabi/9.3.1/thumb/v7-m/nofp\libgcc.a
LOAD c:/st/stm32cubeide_1.6.1/stm32cubeide/plugins/com.st.stm32cube.ide.mcu.externaltools.gnu-tools-for-stm32.9-2020-q2-update.win32_1.5.0.202011040924/tools/bin/../lib/gcc/arm-none-eabi/9.3.1/../../../../arm-none-eabi/lib/thumb/v7-m/nofp\libc_nano.a
LOAD c:/st/stm32cubeide_1.6.1/stm32cubeide/plugins/com.st.stm32cube.ide.mcu.externaltools.gnu-tools-for-stm32.9-2020-q2-update.win32_1.5.0.202011040924/tools/bin/../lib/gcc/arm-none-eabi/9.3.1/../../../../arm-none-eabi/lib/thumb/v7-m/nofp\libnosys.a
END GROUP
LOAD c:/st/stm32cubeide_1.6.1/stm32cubeide/plugins/com.st.stm32cube.ide.mcu.externaltools.gnu-tools-for-stm32.9-2020-q2-update.win32_1.5.0.202011040924/tools/bin/../lib/gcc/arm-none-eabi/9.3.1/thumb/v7-m/nofp/crtend.o
LOAD c:/st/stm32cubeide_1.6.1/stm32cubeide/plugins/com.st.stm32cube.ide.mcu.externaltools.gnu-tools-for-stm32.9-2020-q2-update.win32_1.5.0.202011040924/tools/bin/../lib/gcc/arm-none-eabi/9.3.1/thumb/v7-m/nofp/crtn.o
                0x0000000020005000                _estack = (ORIGIN (RAM) + LENGTH (RAM))
                0x0000000000000200                _Min_Heap_Size = 0x200
                0x0000000000000400                _Min_Stack_Size = 0x400

.isr_vector     0x0000000008000000      0x130
                0x0000000008000000                . = ALIGN (0x4)
 *(.isr_vector)
 .isr_vector    0x0000000008000000      0x130 Startup/startup_stm32f103c8tx.o
                0x0000000008000000                g_pfnVectors
                0x0000000008000130                . = ALIGN (0x4)

.text           0x0000000008000130     0x1410
                0x0000000008000130                . = ALIGN (0x4)
 *(.text)
 .text          0x0000000008000130       0x40 c:/st/stm32cubeide_1.6.1/stm32cubeide/plugins/com.st.stm32cube.ide.mcu.externaltools.gnu-tools-for-stm32.9-2020-q2-update.win32_1.5.0.202011040924/tools/bin/../lib/gcc/arm-none-eabi/9.3.1/thumb/v7-m/nofp/crtbegin.o
 *(.text*)
 .text.MGPIO_u8_PinInit
                0x0000000008000170      0x184 Src/MGPIO_prog.o
                0x0000000008000170                MGPIO_u8_PinInit
 .text.MGPIO_u8_SetPinValue
                0x00000000080002f4       0x74 Src/MGPIO_prog.o
                0x00000000080002f4                MGPIO_u8_SetPinValue
 .text.RCC_u8_InitSysClk
                0x0000000008000368       0x40 Src/MRCC_program.o
                0x0000000008000368                RCC_u8_InitSysClk
 .text.RCC_u8_EnablePeripheralClk
                0x00000000080003a8       0x88 Src/MRCC_program.o
                0x00000000080003a8                RCC_u8_EnablePeripheralClk
 .text.pvPortMalloc
                0x0000000008000430      0x13c Src/heap_2.o
                0x0000000008000430                pvPortMalloc
 .text.vPortFree
                0x000000000800056c       0x98 Src/heap_2.o
                0x000000000800056c                vPortFree
 .text.prvHeapInit
                0x0000000008000604       0x50 Src/heap_2.o
 .text.vListInitialise
                0x0000000008000654       0x3e Src/list.o
                0x0000000008000654                vListInitialise
 .text.vListInitialiseItem
                0x0000000008000692       0x18 Src/list.o
                0x0000000008000692                vListInitialiseItem
 .text.vListInsert
                0x00000000080006aa       0x70 Src/list.o
                0x00000000080006aa                vListInsert
 .text.uxListRemove
                0x000000000800071a       0x52 Src/list.o
                0x000000000800071a                uxListRemove
 .text.main     0x000000000800076c       0x84 Src/main.o
                0x000000000800076c                main
 .text.task1_code
                0x00000000080007f0       0x50 Src/main.o
 .text.task2_code
                0x0000000008000840       0x50 Src/main.o
 .text.task3_code
                0x0000000008000890       0x50 Src/main.o
 .text.pxPortInitialiseStack
                0x00000000080008e0       0x58 Src/port.o
                0x00000000080008e0                pxPortInitialiseStack
 .text.prvTaskExitError
                0x0000000008000938       0x32 Src/port.o
 *fill*         0x000000000800096a        0x6 
 .text.vPortSVCHandler
                0x0000000008000970       0x28 Src/port.o
                0x0000000008000970                vPortSVCHandler
 .text.prvPortStartFirstTask
                0x0000000008000998       0x24 Src/port.o
 .text.xPortStartScheduler
                0x00000000080009bc       0x40 Src/port.o
                0x00000000080009bc                xPortStartScheduler
 .text.vPortEnterCritical
                0x00000000080009fc       0x34 Src/port.o
                0x00000000080009fc                vPortEnterCritical
 .text.vPortExitCritical
                0x0000000008000a30       0x34 Src/port.o
                0x0000000008000a30                vPortExitCritical
 *fill*         0x0000000008000a64        0xc 
 .text.xPortPendSVHandler
                0x0000000008000a70       0x48 Src/port.o
                0x0000000008000a70                xPortPendSVHandler
 .text.xPortSysTickHandler
                0x0000000008000ab8       0x44 Src/port.o
                0x0000000008000ab8                xPortSysTickHandler
 .text.vPortSetupTimerInterrupt
                0x0000000008000afc       0x34 Src/port.o
                0x0000000008000afc                vPortSetupTimerInterrupt
 .text.xTaskCreate
                0x0000000008000b30       0x8c Src/tasks.o
                0x0000000008000b30                xTaskCreate
 .text.prvInitialiseNewTask
                0x0000000008000bbc       0xca Src/tasks.o
 *fill*         0x0000000008000c86        0x2 
 .text.prvAddNewTaskToReadyList
                0x0000000008000c88      0x124 Src/tasks.o
 .text.vTaskDelay
                0x0000000008000dac       0x48 Src/tasks.o
                0x0000000008000dac                vTaskDelay
 .text.vTaskStartScheduler
                0x0000000008000df4       0x78 Src/tasks.o
                0x0000000008000df4                vTaskStartScheduler
 .text.vTaskSuspendAll
                0x0000000008000e6c       0x1c Src/tasks.o
                0x0000000008000e6c                vTaskSuspendAll
 .text.xTaskResumeAll
                0x0000000008000e88      0x1d8 Src/tasks.o
                0x0000000008000e88                xTaskResumeAll
 .text.xTaskIncrementTick
                0x0000000008001060      0x20c Src/tasks.o
                0x0000000008001060                xTaskIncrementTick
 .text.vTaskSwitchContext
                0x000000000800126c       0x8c Src/tasks.o
                0x000000000800126c                vTaskSwitchContext
 .text.prvIdleTask
                0x00000000080012f8       0x30 Src/tasks.o
 .text.prvInitialiseTaskLists
                0x0000000008001328       0x6c Src/tasks.o
 .text.prvCheckTasksWaitingTermination
                0x0000000008001394        0xc Src/tasks.o
 .text.prvResetNextTaskUnblockTime
                0x00000000080013a0       0x34 Src/tasks.o
 .text.prvAddCurrentTaskToDelayedList
                0x00000000080013d4       0xa8 Src/tasks.o
 .text.Reset_Handler
                0x000000000800147c       0x50 Startup/startup_stm32f103c8tx.o
                0x000000000800147c                Reset_Handler
 .text.Default_Handler
                0x00000000080014cc        0x2 Startup/startup_stm32f103c8tx.o
                0x00000000080014cc                EXTI2_IRQHandler
                0x00000000080014cc                TIM8_TRG_COM_IRQHandler
                0x00000000080014cc                TIM8_CC_IRQHandler
                0x00000000080014cc                DebugMon_Handler
                0x00000000080014cc                TIM1_CC_IRQHandler
                0x00000000080014cc                HardFault_Handler
                0x00000000080014cc                TIM6_IRQHandler
                0x00000000080014cc                PVD_IRQHandler
                0x00000000080014cc                SDIO_IRQHandler
                0x00000000080014cc                NMI_Handler
                0x00000000080014cc                EXTI3_IRQHandler
                0x00000000080014cc                USB_HP_CAN_TX_IRQHandler
                0x00000000080014cc                EXTI0_IRQHandler
                0x00000000080014cc                I2C2_EV_IRQHandler
                0x00000000080014cc                UsageFault_Handler
                0x00000000080014cc                ADC1_2_IRQHandler
                0x00000000080014cc                SPI1_IRQHandler
                0x00000000080014cc                CAN_SCE_IRQHandler
                0x00000000080014cc                TAMPER_IRQHandler
                0x00000000080014cc                TIM8_UP_IRQHandler
                0x00000000080014cc                DMA2_Channel2_IRQHandler
                0x00000000080014cc                DMA1_Channel4_IRQHandler
                0x00000000080014cc                USART3_IRQHandler
                0x00000000080014cc                RTC_IRQHandler
                0x00000000080014cc                DMA1_Channel7_IRQHandler
                0x00000000080014cc                UART5_IRQHandler
                0x00000000080014cc                ADC3_IRQHandler
                0x00000000080014cc                TIM4_IRQHandler
                0x00000000080014cc                CAN_RX1_IRQHandler
                0x00000000080014cc                DMA2_Channel1_IRQHandler
                0x00000000080014cc                I2C1_EV_IRQHandler
                0x00000000080014cc                DMA1_Channel6_IRQHandler
                0x00000000080014cc                UART4_IRQHandler
                0x00000000080014cc                TIM3_IRQHandler
                0x00000000080014cc                RCC_IRQHandler
                0x00000000080014cc                TIM1_TRG_COM_IRQHandler
                0x00000000080014cc                DMA1_Channel1_IRQHandler
                0x00000000080014cc                Default_Handler
                0x00000000080014cc                EXTI15_10_IRQHandler
                0x00000000080014cc                TIM7_IRQHandler
                0x00000000080014cc                TIM5_IRQHandler
                0x00000000080014cc                EXTI9_5_IRQHandler
                0x00000000080014cc                SPI2_IRQHandler
                0x00000000080014cc                USB_LP_CAN_RX0_IRQHandler
                0x00000000080014cc                MemManage_Handler
                0x00000000080014cc                DMA1_Channel5_IRQHandler
                0x00000000080014cc                EXTI4_IRQHandler
                0x00000000080014cc                DMA1_Channel3_IRQHandler
                0x00000000080014cc                FSMC_IRQHandler
                0x00000000080014cc                TIM1_UP_IRQHandler
                0x00000000080014cc                WWDG_IRQHandler
                0x00000000080014cc                TIM2_IRQHandler
                0x00000000080014cc                TIM1_BRK_IRQHandler
                0x00000000080014cc                EXTI1_IRQHandler
                0x00000000080014cc                RTCAlarm_IRQHandler
                0x00000000080014cc                DMA2_Channel4_5_IRQHandler
                0x00000000080014cc                USART2_IRQHandler
                0x00000000080014cc                I2C2_ER_IRQHandler
                0x00000000080014cc                DMA1_Channel2_IRQHandler
                0x00000000080014cc                TIM8_BRK_IRQHandler
                0x00000000080014cc                FLASH_IRQHandler
                0x00000000080014cc                BusFault_Handler
                0x00000000080014cc                USART1_IRQHandler
                0x00000000080014cc                SPI3_IRQHandler
                0x00000000080014cc                I2C1_ER_IRQHandler
                0x00000000080014cc                DMA2_Channel3_IRQHandler
 *fill*         0x00000000080014ce        0x2 
 .text.__libc_init_array
                0x00000000080014d0       0x48 c:/st/stm32cubeide_1.6.1/stm32cubeide/plugins/com.st.stm32cube.ide.mcu.externaltools.gnu-tools-for-stm32.9-2020-q2-update.win32_1.5.0.202011040924/tools/bin/../lib/gcc/arm-none-eabi/9.3.1/../../../../arm-none-eabi/lib/thumb/v7-m/nofp\libc_nano.a(lib_a-init.o)
                0x00000000080014d0                __libc_init_array
 .text.memset   0x0000000008001518       0x10 c:/st/stm32cubeide_1.6.1/stm32cubeide/plugins/com.st.stm32cube.ide.mcu.externaltools.gnu-tools-for-stm32.9-2020-q2-update.win32_1.5.0.202011040924/tools/bin/../lib/gcc/arm-none-eabi/9.3.1/../../../../arm-none-eabi/lib/thumb/v7-m/nofp\libc_nano.a(lib_a-memset.o)
                0x0000000008001518                memset
 *(.glue_7)
 .glue_7        0x0000000008001528        0x0 linker stubs
 *(.glue_7t)
 .glue_7t       0x0000000008001528        0x0 linker stubs
 *(.eh_frame)
 .eh_frame      0x0000000008001528        0x0 c:/st/stm32cubeide_1.6.1/stm32cubeide/plugins/com.st.stm32cube.ide.mcu.externaltools.gnu-tools-for-stm32.9-2020-q2-update.win32_1.5.0.202011040924/tools/bin/../lib/gcc/arm-none-eabi/9.3.1/thumb/v7-m/nofp/crtbegin.o
 *(.init)
 .init          0x0000000008001528        0x4 c:/st/stm32cubeide_1.6.1/stm32cubeide/plugins/com.st.stm32cube.ide.mcu.externaltools.gnu-tools-for-stm32.9-2020-q2-update.win32_1.5.0.202011040924/tools/bin/../lib/gcc/arm-none-eabi/9.3.1/thumb/v7-m/nofp/crti.o
                0x0000000008001528                _init
 .init          0x000000000800152c        0x8 c:/st/stm32cubeide_1.6.1/stm32cubeide/plugins/com.st.stm32cube.ide.mcu.externaltools.gnu-tools-for-stm32.9-2020-q2-update.win32_1.5.0.202011040924/tools/bin/../lib/gcc/arm-none-eabi/9.3.1/thumb/v7-m/nofp/crtn.o
 *(.fini)
 .fini          0x0000000008001534        0x4 c:/st/stm32cubeide_1.6.1/stm32cubeide/plugins/com.st.stm32cube.ide.mcu.externaltools.gnu-tools-for-stm32.9-2020-q2-update.win32_1.5.0.202011040924/tools/bin/../lib/gcc/arm-none-eabi/9.3.1/thumb/v7-m/nofp/crti.o
                0x0000000008001534                _fini
 .fini          0x0000000008001538        0x8 c:/st/stm32cubeide_1.6.1/stm32cubeide/plugins/com.st.stm32cube.ide.mcu.externaltools.gnu-tools-for-stm32.9-2020-q2-update.win32_1.5.0.202011040924/tools/bin/../lib/gcc/arm-none-eabi/9.3.1/thumb/v7-m/nofp/crtn.o
                0x0000000008001540                . = ALIGN (0x4)
                0x0000000008001540                _etext = .

.vfp11_veneer   0x0000000008001540        0x0
 .vfp11_veneer  0x0000000008001540        0x0 linker stubs

.v4_bx          0x0000000008001540        0x0
 .v4_bx         0x0000000008001540        0x0 linker stubs

.iplt           0x0000000008001540        0x0
 .iplt          0x0000000008001540        0x0 c:/st/stm32cubeide_1.6.1/stm32cubeide/plugins/com.st.stm32cube.ide.mcu.externaltools.gnu-tools-for-stm32.9-2020-q2-update.win32_1.5.0.202011040924/tools/bin/../lib/gcc/arm-none-eabi/9.3.1/thumb/v7-m/nofp/crtbegin.o

.rodata         0x0000000008001540        0x8
                0x0000000008001540                . = ALIGN (0x4)
 *(.rodata)
 .rodata        0x0000000008001540        0x5 Src/tasks.o
 *(.rodata*)
                0x0000000008001548                . = ALIGN (0x4)
 *fill*         0x0000000008001545        0x3 

.rel.dyn        0x0000000008001548        0x0
 .rel.iplt      0x0000000008001548        0x0 c:/st/stm32cubeide_1.6.1/stm32cubeide/plugins/com.st.stm32cube.ide.mcu.externaltools.gnu-tools-for-stm32.9-2020-q2-update.win32_1.5.0.202011040924/tools/bin/../lib/gcc/arm-none-eabi/9.3.1/thumb/v7-m/nofp/crtbegin.o

.ARM.extab      0x0000000008001548        0x0
                0x0000000008001548                . = ALIGN (0x4)
 *(.ARM.extab* .gnu.linkonce.armextab.*)
                0x0000000008001548                . = ALIGN (0x4)

.ARM            0x0000000008001548        0x0
                0x0000000008001548                . = ALIGN (0x4)
                0x0000000008001548                __exidx_start = .
 *(.ARM.exidx*)
                0x0000000008001548                __exidx_end = .
                0x0000000008001548                . = ALIGN (0x4)

.preinit_array  0x0000000008001548        0x0
                0x0000000008001548                . = ALIGN (0x4)
                0x0000000008001548                PROVIDE (__preinit_array_start = .)
 *(.preinit_array*)
                0x0000000008001548                PROVIDE (__preinit_array_end = .)
                0x0000000008001548                . = ALIGN (0x4)

.init_array     0x0000000008001548        0x4
                0x0000000008001548                . = ALIGN (0x4)
                0x0000000008001548                PROVIDE (__init_array_start = .)
 *(SORT_BY_NAME(.init_array.*))
 *(.init_array*)
 .init_array    0x0000000008001548        0x4 c:/st/stm32cubeide_1.6.1/stm32cubeide/plugins/com.st.stm32cube.ide.mcu.externaltools.gnu-tools-for-stm32.9-2020-q2-update.win32_1.5.0.202011040924/tools/bin/../lib/gcc/arm-none-eabi/9.3.1/thumb/v7-m/nofp/crtbegin.o
                0x000000000800154c                PROVIDE (__init_array_end = .)
                0x000000000800154c                . = ALIGN (0x4)

.fini_array     0x000000000800154c        0x4
                0x000000000800154c                . = ALIGN (0x4)
                [!provide]                        PROVIDE (__fini_array_start = .)
 *(SORT_BY_NAME(.fini_array.*))
 *(.fini_array*)
 .fini_array    0x000000000800154c        0x4 c:/st/stm32cubeide_1.6.1/stm32cubeide/plugins/com.st.stm32cube.ide.mcu.externaltools.gnu-tools-for-stm32.9-2020-q2-update.win32_1.5.0.202011040924/tools/bin/../lib/gcc/arm-none-eabi/9.3.1/thumb/v7-m/nofp/crtbegin.o
                [!provide]                        PROVIDE (__fini_array_end = .)
                0x0000000008001550                . = ALIGN (0x4)
                0x0000000008001550                _sidata = LOADADDR (.data)

.data           0x0000000020000000       0x24 load address 0x0000000008001550
                0x0000000020000000                . = ALIGN (0x4)
                0x0000000020000000                _sdata = .
 *(.data)
 *(.data*)
 .data.GPIO_APSTR
                0x0000000020000000        0xc Src/MGPIO_prog.o
                0x0000000020000000                GPIO_APSTR
 .data.xFreeBytesRemaining
                0x000000002000000c        0x4 Src/heap_2.o
 .data.Local_StrLed1
                0x0000000020000010        0x3 Src/main.o
 *fill*         0x0000000020000013        0x1 
 .data.Local_StrLed2
                0x0000000020000014        0x3 Src/main.o
 *fill*         0x0000000020000017        0x1 
 .data.Local_StrLed3
                0x0000000020000018        0x3 Src/main.o
 *fill*         0x000000002000001b        0x1 
 .data.uxCriticalNesting
                0x000000002000001c        0x4 Src/port.o
 .data.uxTopUsedPriority
                0x0000000020000020        0x4 Src/tasks.o
                0x0000000020000020                uxTopUsedPriority
 *(.RamFunc)
 *(.RamFunc*)
                0x0000000020000024                . = ALIGN (0x4)
                0x0000000020000024                _edata = .

.igot.plt       0x0000000020000024        0x0 load address 0x0000000008001574
 .igot.plt      0x0000000020000024        0x0 c:/st/stm32cubeide_1.6.1/stm32cubeide/plugins/com.st.stm32cube.ide.mcu.externaltools.gnu-tools-for-stm32.9-2020-q2-update.win32_1.5.0.202011040924/tools/bin/../lib/gcc/arm-none-eabi/9.3.1/thumb/v7-m/nofp/crtbegin.o
                0x0000000020000024                . = ALIGN (0x4)

.bss            0x0000000020000024     0x4508 load address 0x0000000008001574
                0x0000000020000024                _sbss = .
                0x0000000020000024                __bss_start__ = _sbss
 *(.bss)
 .bss           0x0000000020000024       0x1c c:/st/stm32cubeide_1.6.1/stm32cubeide/plugins/com.st.stm32cube.ide.mcu.externaltools.gnu-tools-for-stm32.9-2020-q2-update.win32_1.5.0.202011040924/tools/bin/../lib/gcc/arm-none-eabi/9.3.1/thumb/v7-m/nofp/crtbegin.o
 *(.bss*)
 .bss.ucHeap    0x0000000020000040     0x4400 Src/heap_2.o
 .bss.xStart    0x0000000020004440        0x8 Src/heap_2.o
 .bss.xEnd      0x0000000020004448        0x8 Src/heap_2.o
 .bss.xHeapHasBeenInitialised.5414
                0x0000000020004450        0x4 Src/heap_2.o
 .bss.pxCurrentTCB
                0x0000000020004454        0x4 Src/tasks.o
                0x0000000020004454                pxCurrentTCB
 .bss.pxReadyTasksLists
                0x0000000020004458       0x64 Src/tasks.o
 .bss.xDelayedTaskList1
                0x00000000200044bc       0x14 Src/tasks.o
 .bss.xDelayedTaskList2
                0x00000000200044d0       0x14 Src/tasks.o
 .bss.pxDelayedTaskList
                0x00000000200044e4        0x4 Src/tasks.o
 .bss.pxOverflowDelayedTaskList
                0x00000000200044e8        0x4 Src/tasks.o
 .bss.xPendingReadyList
                0x00000000200044ec       0x14 Src/tasks.o
 .bss.uxCurrentNumberOfTasks
                0x0000000020004500        0x4 Src/tasks.o
 .bss.xTickCount
                0x0000000020004504        0x4 Src/tasks.o
 .bss.uxTopReadyPriority
                0x0000000020004508        0x4 Src/tasks.o
 .bss.xSchedulerRunning
                0x000000002000450c        0x4 Src/tasks.o
 .bss.xPendedTicks
                0x0000000020004510        0x4 Src/tasks.o
 .bss.xYieldPending
                0x0000000020004514        0x4 Src/tasks.o
 .bss.xNumOfOverflows
                0x0000000020004518        0x4 Src/tasks.o
 .bss.uxTaskNumber
                0x000000002000451c        0x4 Src/tasks.o
 .bss.xNextTaskUnblockTime
                0x0000000020004520        0x4 Src/tasks.o
 .bss.xIdleTaskHandle
                0x0000000020004524        0x4 Src/tasks.o
 .bss.uxSchedulerSuspended
                0x0000000020004528        0x4 Src/tasks.o
 *(COMMON)
                0x000000002000452c                . = ALIGN (0x4)
                0x000000002000452c                _ebss = .
                0x000000002000452c                __bss_end__ = _ebss

._user_heap_stack
                0x000000002000452c      0x604 load address 0x0000000008001574
                0x0000000020004530                . = ALIGN (0x8)
 *fill*         0x000000002000452c        0x4 
                [!provide]                        PROVIDE (end = .)
                0x0000000020004530                PROVIDE (_end = .)
                0x0000000020004730                . = (. + _Min_Heap_Size)
 *fill*         0x0000000020004530      0x200 
                0x0000000020004b30                . = (. + _Min_Stack_Size)
 *fill*         0x0000000020004730      0x400 
                0x0000000020004b30                . = ALIGN (0x8)

/DISCARD/
 libc.a(*)
 libm.a(*)
 libgcc.a(*)

.ARM.attributes
                0x0000000000000000       0x29
 *(.ARM.attributes)
 .ARM.attributes
                0x0000000000000000       0x1d c:/st/stm32cubeide_1.6.1/stm32cubeide/plugins/com.st.stm32cube.ide.mcu.externaltools.gnu-tools-for-stm32.9-2020-q2-update.win32_1.5.0.202011040924/tools/bin/../lib/gcc/arm-none-eabi/9.3.1/thumb/v7-m/nofp/crti.o
 .ARM.attributes
                0x000000000000001d       0x2d c:/st/stm32cubeide_1.6.1/stm32cubeide/plugins/com.st.stm32cube.ide.mcu.externaltools.gnu-tools-for-stm32.9-2020-q2-update.win32_1.5.0.202011040924/tools/bin/../lib/gcc/arm-none-eabi/9.3.1/thumb/v7-m/nofp/crtbegin.o
 .ARM.attributes
                0x000000000000004a       0x2d Src/MGPIO_prog.o
 .ARM.attributes
                0x0000000000000077       0x2d Src/MRCC_program.o
 .ARM.attributes
                0x00000000000000a4       0x2d Src/heap_2.o
 .ARM.attributes
                0x00000000000000d1       0x2d Src/list.o
 .ARM.attributes
                0x00000000000000fe       0x2d Src/main.o
 .ARM.attributes
                0x000000000000012b       0x2d Src/port.o
 .ARM.attributes
                0x0000000000000158       0x2d Src/tasks.o
 .ARM.attributes
                0x0000000000000185       0x21 Startup/startup_stm32f103c8tx.o
 .ARM.attributes
                0x00000000000001a6       0x2d c:/st/stm32cubeide_1.6.1/stm32cubeide/plugins/com.st.stm32cube.ide.mcu.externaltools.gnu-tools-for-stm32.9-2020-q2-update.win32_1.5.0.202011040924/tools/bin/../lib/gcc/arm-none-eabi/9.3.1/../../../../arm-none-eabi/lib/thumb/v7-m/nofp\libc_nano.a(lib_a-init.o)
 .ARM.attributes
                0x00000000000001d3       0x2d c:/st/stm32cubeide_1.6.1/stm32cubeide/plugins/com.st.stm32cube.ide.mcu.externaltools.gnu-tools-for-stm32.9-2020-q2-update.win32_1.5.0.202011040924/tools/bin/../lib/gcc/arm-none-eabi/9.3.1/../../../../arm-none-eabi/lib/thumb/v7-m/nofp\libc_nano.a(lib_a-memset.o)
 .ARM.attributes
                0x0000000000000200       0x1d c:/st/stm32cubeide_1.6.1/stm32cubeide/plugins/com.st.stm32cube.ide.mcu.externaltools.gnu-tools-for-stm32.9-2020-q2-update.win32_1.5.0.202011040924/tools/bin/../lib/gcc/arm-none-eabi/9.3.1/thumb/v7-m/nofp/crtn.o
OUTPUT(trail1_freertos_on_stm32f103c8.elf elf32-littlearm)
LOAD linker stubs
LOAD c:/st/stm32cubeide_1.6.1/stm32cubeide/plugins/com.st.stm32cube.ide.mcu.externaltools.gnu-tools-for-stm32.9-2020-q2-update.win32_1.5.0.202011040924/tools/bin/../lib/gcc/arm-none-eabi/9.3.1/../../../../arm-none-eabi/lib/thumb/v7-m/nofp\libc.a
LOAD c:/st/stm32cubeide_1.6.1/stm32cubeide/plugins/com.st.stm32cube.ide.mcu.externaltools.gnu-tools-for-stm32.9-2020-q2-update.win32_1.5.0.202011040924/tools/bin/../lib/gcc/arm-none-eabi/9.3.1/../../../../arm-none-eabi/lib/thumb/v7-m/nofp\libm.a
LOAD c:/st/stm32cubeide_1.6.1/stm32cubeide/plugins/com.st.stm32cube.ide.mcu.externaltools.gnu-tools-for-stm32.9-2020-q2-update.win32_1.5.0.202011040924/tools/bin/../lib/gcc/arm-none-eabi/9.3.1/thumb/v7-m/nofp\libgcc.a

.debug_info     0x0000000000000000     0x3f33
 .debug_info    0x0000000000000000      0x321 Src/MGPIO_prog.o
 .debug_info    0x0000000000000321      0x1ad Src/MRCC_program.o
 .debug_info    0x00000000000004ce      0xc04 Src/heap_2.o
 .debug_info    0x00000000000010d2      0xb76 Src/list.o
 .debug_info    0x0000000000001c48      0x2b7 Src/main.o
 .debug_info    0x0000000000001eff      0x2e1 Src/port.o
 .debug_info    0x00000000000021e0     0x1d31 Src/tasks.o
 .debug_info    0x0000000000003f11       0x22 Startup/startup_stm32f103c8tx.o

.debug_abbrev   0x0000000000000000      0xcd1
 .debug_abbrev  0x0000000000000000      0x125 Src/MGPIO_prog.o
 .debug_abbrev  0x0000000000000125       0xd4 Src/MRCC_program.o
 .debug_abbrev  0x00000000000001f9      0x298 Src/heap_2.o
 .debug_abbrev  0x0000000000000491      0x1f7 Src/list.o
 .debug_abbrev  0x0000000000000688       0xef Src/main.o
 .debug_abbrev  0x0000000000000777      0x1e6 Src/port.o
 .debug_abbrev  0x000000000000095d      0x362 Src/tasks.o
 .debug_abbrev  0x0000000000000cbf       0x12 Startup/startup_stm32f103c8tx.o

.debug_aranges  0x0000000000000000      0x300
 .debug_aranges
                0x0000000000000000       0x38 Src/MGPIO_prog.o
 .debug_aranges
                0x0000000000000038       0x30 Src/MRCC_program.o
 .debug_aranges
                0x0000000000000068       0x48 Src/heap_2.o
 .debug_aranges
                0x00000000000000b0       0x40 Src/list.o
 .debug_aranges
                0x00000000000000f0       0x38 Src/main.o
 .debug_aranges
                0x0000000000000128       0x70 Src/port.o
 .debug_aranges
                0x0000000000000198      0x140 Src/tasks.o
 .debug_aranges
                0x00000000000002d8       0x28 Startup/startup_stm32f103c8tx.o

.debug_ranges   0x0000000000000000      0x288
 .debug_ranges  0x0000000000000000       0x28 Src/MGPIO_prog.o
 .debug_ranges  0x0000000000000028       0x20 Src/MRCC_program.o
 .debug_ranges  0x0000000000000048       0x38 Src/heap_2.o
 .debug_ranges  0x0000000000000080       0x30 Src/list.o
 .debug_ranges  0x00000000000000b0       0x28 Src/main.o
 .debug_ranges  0x00000000000000d8       0x60 Src/port.o
 .debug_ranges  0x0000000000000138      0x130 Src/tasks.o
 .debug_ranges  0x0000000000000268       0x20 Startup/startup_stm32f103c8tx.o

.debug_macro    0x0000000000000000     0x1b19
 .debug_macro   0x0000000000000000       0x3d Src/MGPIO_prog.o
 .debug_macro   0x000000000000003d      0xaa2 Src/MGPIO_prog.o
 .debug_macro   0x0000000000000adf       0x1c Src/MGPIO_prog.o
 .debug_macro   0x0000000000000afb       0x22 Src/MGPIO_prog.o
 .debug_macro   0x0000000000000b1d       0x3a Src/MGPIO_prog.o
 .debug_macro   0x0000000000000b57       0x76 Src/MGPIO_prog.o
 .debug_macro   0x0000000000000bcd       0x48 Src/MRCC_program.o
 .debug_macro   0x0000000000000c15       0x10 Src/MRCC_program.o
 .debug_macro   0x0000000000000c25       0x1c Src/MRCC_program.o
 .debug_macro   0x0000000000000c41      0x226 Src/heap_2.o
 .debug_macro   0x0000000000000e67       0x16 Src/heap_2.o
 .debug_macro   0x0000000000000e7d       0x35 Src/heap_2.o
 .debug_macro   0x0000000000000eb2       0x20 Src/heap_2.o
 .debug_macro   0x0000000000000ed2      0x198 Src/list.o
 .debug_macro   0x000000000000106a      0x107 Src/main.o
 .debug_macro   0x0000000000001171      0x596 Src/main.o
 .debug_macro   0x0000000000001707      0x17d Src/port.o
 .debug_macro   0x0000000000001884      0x27e Src/tasks.o
 .debug_macro   0x0000000000001b02       0x17 Src/tasks.o

.debug_line     0x0000000000000000     0x2cd3
 .debug_line    0x0000000000000000      0x214 Src/MGPIO_prog.o
 .debug_line    0x0000000000000214      0x141 Src/MRCC_program.o
 .debug_line    0x0000000000000355      0x761 Src/heap_2.o
 .debug_line    0x0000000000000ab6      0x674 Src/list.o
 .debug_line    0x000000000000112a      0x532 Src/main.o
 .debug_line    0x000000000000165c      0x5d9 Src/port.o
 .debug_line    0x0000000000001c35     0x101a Src/tasks.o
 .debug_line    0x0000000000002c4f       0x84 Startup/startup_stm32f103c8tx.o

.debug_str      0x0000000000000000     0xedd8
 .debug_str     0x0000000000000000     0x34b1 Src/MGPIO_prog.o
                                       0x3520 (size before relaxing)
 .debug_str     0x00000000000034b1      0x143 Src/MRCC_program.o
                                       0x31cb (size before relaxing)
 .debug_str     0x00000000000035f4     0x97b4 Src/heap_2.o
                                       0xc7e8 (size before relaxing)
 .debug_str     0x000000000000cda8      0x119 Src/list.o
                                       0xafd4 (size before relaxing)
 .debug_str     0x000000000000cec1       0x7c Src/main.o
                                       0x94c3 (size before relaxing)
 .debug_str     0x000000000000cf3d      0x6a7 Src/port.o
                                       0x94d5 (size before relaxing)
 .debug_str     0x000000000000d5e4     0x17c3 Src/tasks.o
                                       0xdada (size before relaxing)
 .debug_str     0x000000000000eda7       0x31 Startup/startup_stm32f103c8tx.o
                                         0x9a (size before relaxing)

.comment        0x0000000000000000       0x53
 .comment       0x0000000000000000       0x53 Src/MGPIO_prog.o
                                         0x54 (size before relaxing)
 .comment       0x0000000000000053       0x54 Src/MRCC_program.o
 .comment       0x0000000000000053       0x54 Src/heap_2.o
 .comment       0x0000000000000053       0x54 Src/list.o
 .comment       0x0000000000000053       0x54 Src/main.o
 .comment       0x0000000000000053       0x54 Src/port.o
 .comment       0x0000000000000053       0x54 Src/tasks.o

.debug_frame    0x0000000000000000      0xa8c
 .debug_frame   0x0000000000000000       0xb0 Src/MGPIO_prog.o
 .debug_frame   0x00000000000000b0       0x88 Src/MRCC_program.o
 .debug_frame   0x0000000000000138       0xe4 Src/heap_2.o
 .debug_frame   0x000000000000021c       0xd8 Src/list.o
 .debug_frame   0x00000000000002f4       0x90 Src/main.o
 .debug_frame   0x0000000000000384      0x160 Src/port.o
 .debug_frame   0x00000000000004e4      0x55c Src/tasks.o
 .debug_frame   0x0000000000000a40       0x2c c:/st/stm32cubeide_1.6.1/stm32cubeide/plugins/com.st.stm32cube.ide.mcu.externaltools.gnu-tools-for-stm32.9-2020-q2-update.win32_1.5.0.202011040924/tools/bin/../lib/gcc/arm-none-eabi/9.3.1/../../../../arm-none-eabi/lib/thumb/v7-m/nofp\libc_nano.a(lib_a-init.o)
 .debug_frame   0x0000000000000a6c       0x20 c:/st/stm32cubeide_1.6.1/stm32cubeide/plugins/com.st.stm32cube.ide.mcu.externaltools.gnu-tools-for-stm32.9-2020-q2-update.win32_1.5.0.202011040924/tools/bin/../lib/gcc/arm-none-eabi/9.3.1/../../../../arm-none-eabi/lib/thumb/v7-m/nofp\libc_nano.a(lib_a-memset.o)
